// Jest Snapshot v1, https://goo.gl/fbAQLP

exports[`Article Page sanpshot 1`] = `
<table
  className="custom-border"
>
  <thead>
    <tr>
      <th>
        Names
      </th>
      <th>
        Email
      </th>
    </tr>
  </thead>
  <tbody>
    <tr>
      <td>
        Demo
      </td>
      <td>
        NA
      </td>
    </tr>
  </tbody>
</table>
`;
